success
success
success
failure
success
success
success
success
success
success
success
success
failure
success
success
success
success
success
success
success
success
success
success
success
success
success
success
success
success
success
success
success
success
success
success
success
success
9234944 8234828 8234824 6534524 4342344 2929444 2883428 2848144 2834848 2834824 2342344 
9234949 8234849 2949329 2934929 2494141 2492349 2449249 1923481 
9234234 4241414 2949494 2834814 2491494 2034234 2023422 1812338 
9234943 9234923 9234823 8234823 2494223 2401443 2340023 
found peach in 1
found waluigi in 1
success
not found
success
9234944 8234828 8234824 6534524 4342344 2929444 2883428 2848144 2834848 2834824 2342344 
9234949 8234849 2949329 2934929 2494141 2492349 2449249 1923481 
9234234 4241414 2949494 2834814 2491494 2034234 2023422 1812338 
9234943 9234923 9234823 8234823 2494223 2401443 2340023 
found notwaluigi in 1
failure
not found
found hash in 0
success
9234944 8234828 8234824 6534524 4342344 2929444 2883428 2834848 2834824 2342344 
9234949 8234849 2949329 2934929 2494141 2492349 2449249 1923481 
9234234 4241414 2949494 2834814 2491494 2034234 2023422 1812338 
9234943 9234923 9234823 8234823 2494223 2401443 2340023 
success
9234944 8234828 8234824 6534524 4342344 2929444 2883428 2848144 2834848 2834824 2342344 
9234949 8234849 2949329 2934929 2494141 2492349 2449249 1923481 
9234234 4241414 2949494 2834814 2491494 2034234 2023422 1812338 
9234943 9234923 9234823 8234823 2494223 2401443 2340023 
