success
success
found cooper in 6
success
found stachowsky in 0
success
not found
success
found albertus in 0
